Release 14.7 - xst P.20131013 (lin64)
Copyright (c) 1995-2013 Xilinx, Inc.  All rights reserved.
--> 
Parameter TMPDIR set to xst/projnav.tmp


Total REAL time to Xst completion: 0.00 secs
Total CPU time to Xst completion: 0.04 secs
 
--> 
Parameter xsthdpdir set to xst


Total REAL time to Xst completion: 0.00 secs
Total CPU time to Xst completion: 0.04 secs
 
--> 
Reading design: clock24.prj

TABLE OF CONTENTS
  1) Synthesis Options Summary
  2) HDL Parsing
  3) HDL Elaboration
  4) HDL Synthesis
       4.1) HDL Synthesis Report
  5) Advanced HDL Synthesis
       5.1) Advanced HDL Synthesis Report
  6) Low Level Synthesis
  7) Partition Report
  8) Design Summary
       8.1) Primitive and Black Box Usage
       8.2) Device utilization summary
       8.3) Partition Resource Summary
       8.4) Timing Report
            8.4.1) Clock Information
            8.4.2) Asynchronous Control Signals Information
            8.4.3) Timing Summary
            8.4.4) Timing Details
            8.4.5) Cross Clock Domains Report


=========================================================================
*                      Synthesis Options Summary                        *
=========================================================================
---- Source Parameters
Input File Name                    : "clock24.prj"
Ignore Synthesis Constraint File   : NO

---- Target Parameters
Output File Name                   : "clock24"
Output Format                      : NGC
Target Device                      : xc7a100t-1-csg324

---- Source Options
Top Module Name                    : clock24
Automatic FSM Extraction           : YES
FSM Encoding Algorithm             : Auto
Safe Implementation                : No
FSM Style                          : LUT
RAM Extraction                     : Yes
RAM Style                          : Auto
ROM Extraction                     : Yes
Shift Register Extraction          : YES
ROM Style                          : Auto
Resource Sharing                   : YES
Asynchronous To Synchronous        : NO
Shift Register Minimum Size        : 2
Use DSP Block                      : Auto
Automatic Register Balancing       : No

---- Target Options
LUT Combining                      : Auto
Reduce Control Sets                : Auto
Add IO Buffers                     : YES
Global Maximum Fanout              : 100000
Add Generic Clock Buffer(BUFG)     : 32
Register Duplication               : YES
Optimize Instantiated Primitives   : NO
Use Clock Enable                   : Auto
Use Synchronous Set                : Auto
Use Synchronous Reset              : Auto
Pack IO Registers into IOBs        : Auto
Equivalent register Removal        : YES

---- General Options
Optimization Goal                  : Speed
Optimization Effort                : 1
Power Reduction                    : NO
Keep Hierarchy                     : No
Netlist Hierarchy                  : As_Optimized
RTL Output                         : Yes
Global Optimization                : AllClockNets
Read Cores                         : YES
Write Timing Constraints           : NO
Cross Clock Analysis               : NO
Hierarchy Separator                : /
Bus Delimiter                      : <>
Case Specifier                     : Maintain
Slice Utilization Ratio            : 100
BRAM Utilization Ratio             : 100
DSP48 Utilization Ratio            : 100
Auto BRAM Packing                  : NO
Slice Utilization Ratio Delta      : 5

=========================================================================


=========================================================================
*                          HDL Parsing                                  *
=========================================================================
Analyzing Verilog file "/lab/hicc/fajar/Documents/src/counter60.v" into library work
Parsing module <counter60>.
Analyzing Verilog file "/lab/hicc/fajar/Documents/src/counter12.v" into library work
Parsing module <counter12>.
Analyzing Verilog file "/lab/hicc/fajar/Documents/src/counter100.v" into library work
Parsing module <counter100>.
Analyzing Verilog file "/lab/hicc/fajar/Documents/src/seven_seg.v" into library work
Parsing module <seven_seg>.
Analyzing Verilog file "/lab/hicc/fajar/Documents/src/led_drv.v" into library work
Parsing module <led_drv>.
Analyzing Verilog file "/lab/hicc/fajar/Documents/src/counter24.v" into library work
Parsing module <counter24>.
Analyzing Verilog file "/lab/hicc/fajar/Documents/src/clock.v" into library work
Parsing module <clock>.
Analyzing Verilog file "/lab/hicc/fajar/Documents/src/clock24.v" into library work
Parsing module <clock24>.

=========================================================================
*                            HDL Elaboration                            *
=========================================================================

Elaborating module <clock24>.

Elaborating module <clock>.

Elaborating module <counter24>.

Elaborating module <counter100>.

Elaborating module <counter60>.

Elaborating module <counter12>.

Elaborating module <led_drv>.

Elaborating module <seven_seg>.

=========================================================================
*                           HDL Synthesis                               *
=========================================================================

Synthesizing Unit <clock24>.
    Related source file is "/lab/hicc/fajar/Documents/src/clock24.v".
    Summary:
	no macro.
Unit <clock24> synthesized.

Synthesizing Unit <clock>.
    Related source file is "/lab/hicc/fajar/Documents/src/clock.v".
    Found 4-bit register for signal <cnt2>.
    Found 17-bit register for signal <cnt1>.
    Found 17-bit subtractor for signal <cnt1[16]_GND_2_o_sub_1_OUT> created at line 17.
    Found 4-bit subtractor for signal <cnt2[3]_GND_2_o_sub_5_OUT> created at line 26.
    Summary:
	inferred   2 Adder/Subtractor(s).
	inferred  21 D-type flip-flop(s).
	inferred   2 Multiplexer(s).
Unit <clock> synthesized.

Synthesizing Unit <counter24>.
    Related source file is "/lab/hicc/fajar/Documents/src/counter24.v".
    Summary:
	no macro.
Unit <counter24> synthesized.

Synthesizing Unit <counter100>.
    Related source file is "/lab/hicc/fajar/Documents/src/counter100.v".
    Found 4-bit register for signal <d0>.
    Found 4-bit register for signal <d1>.
    Found 4-bit adder for signal <d1[3]_GND_5_o_add_2_OUT> created at line 21.
    Found 4-bit adder for signal <d0[3]_GND_5_o_add_4_OUT> created at line 24.
    Summary:
	inferred   2 Adder/Subtractor(s).
	inferred   8 D-type flip-flop(s).
	inferred   2 Multiplexer(s).
Unit <counter100> synthesized.

Synthesizing Unit <counter60>.
    Related source file is "/lab/hicc/fajar/Documents/src/counter60.v".
    Found 4-bit register for signal <d0>.
    Found 4-bit register for signal <d1>.
    Found 4-bit adder for signal <d1[3]_GND_6_o_add_2_OUT> created at line 17.
    Found 4-bit adder for signal <d0[3]_GND_6_o_add_4_OUT> created at line 20.
    Summary:
	inferred   2 Adder/Subtractor(s).
	inferred   8 D-type flip-flop(s).
	inferred   2 Multiplexer(s).
Unit <counter60> synthesized.

Synthesizing Unit <counter12>.
    Related source file is "/lab/hicc/fajar/Documents/src/counter12.v".
    Found 4-bit register for signal <d0>.
    Found 4-bit register for signal <d1>.
    Found 4-bit adder for signal <d1[3]_GND_7_o_add_1_OUT> created at line 19.
    Found 4-bit adder for signal <d0[3]_GND_7_o_add_4_OUT> created at line 27.
    Summary:
	inferred   2 Adder/Subtractor(s).
	inferred   8 D-type flip-flop(s).
	inferred   3 Multiplexer(s).
Unit <counter12> synthesized.

Synthesizing Unit <led_drv>.
    Related source file is "/lab/hicc/fajar/Documents/src/led_drv.v".
    Found 3-bit register for signal <cnt>.
    Found 3-bit adder for signal <cnt[2]_GND_8_o_add_0_OUT> created at line 15.
    Found 8x8-bit Read Only RAM for signal <DIGIT>
    Found 4-bit 8-to-1 multiplexer for signal <BCD> created at line 33.
    Summary:
	inferred   1 RAM(s).
	inferred   1 Adder/Subtractor(s).
	inferred   3 D-type flip-flop(s).
	inferred   1 Multiplexer(s).
Unit <led_drv> synthesized.

Synthesizing Unit <seven_seg>.
    Related source file is "/lab/hicc/fajar/Documents/src/seven_seg.v".
    Found 16x8-bit Read Only RAM for signal <SEG>
    Summary:
	inferred   1 RAM(s).
Unit <seven_seg> synthesized.

=========================================================================
HDL Synthesis Report

Macro Statistics
# RAMs                                                 : 2
 16x8-bit single-port Read Only RAM                    : 1
 8x8-bit single-port Read Only RAM                     : 1
# Adders/Subtractors                                   : 11
 17-bit subtractor                                     : 1
 3-bit adder                                           : 1
 4-bit adder                                           : 8
 4-bit subtractor                                      : 1
# Registers                                            : 11
 17-bit register                                       : 1
 3-bit register                                        : 1
 4-bit register                                        : 9
# Multiplexers                                         : 12
 17-bit 2-to-1 multiplexer                             : 1
 4-bit 2-to-1 multiplexer                              : 10
 4-bit 8-to-1 multiplexer                              : 1

=========================================================================

=========================================================================
*                       Advanced HDL Synthesis                          *
=========================================================================


Synthesizing (advanced) Unit <clock>.
The following registers are absorbed into counter <cnt1>: 1 register on signal <cnt1>.
The following registers are absorbed into counter <cnt2>: 1 register on signal <cnt2>.
Unit <clock> synthesized (advanced).

Synthesizing (advanced) Unit <counter100>.
The following registers are absorbed into counter <d0>: 1 register on signal <d0>.
The following registers are absorbed into counter <d1>: 1 register on signal <d1>.
Unit <counter100> synthesized (advanced).

Synthesizing (advanced) Unit <counter12>.
The following registers are absorbed into counter <d1>: 1 register on signal <d1>.
Unit <counter12> synthesized (advanced).

Synthesizing (advanced) Unit <counter60>.
The following registers are absorbed into counter <d0>: 1 register on signal <d0>.
The following registers are absorbed into counter <d1>: 1 register on signal <d1>.
Unit <counter60> synthesized (advanced).

Synthesizing (advanced) Unit <led_drv>.
The following registers are absorbed into counter <cnt>: 1 register on signal <cnt>.
INFO:Xst:3218 - HDL ADVISOR - The RAM <Mram_DIGIT> will be implemented on LUTs either because you have described an asynchronous read or because of currently unsupported block RAM features. If you have described an asynchronous read, making it synchronous would allow you to take advantage of available block RAM resources, for optimized device usage and improved timings. Please refer to your documentation for coding guidelines.
    -----------------------------------------------------------------------
    | ram_type           | Distributed                         |          |
    -----------------------------------------------------------------------
    | Port A                                                              |
    |     aspect ratio   | 8-word x 8-bit                      |          |
    |     weA            | connected to signal <GND>           | high     |
    |     addrA          | connected to signal <cnt>           |          |
    |     diA            | connected to signal <GND>           |          |
    |     doA            | connected to signal <DIGIT>         |          |
    -----------------------------------------------------------------------
Unit <led_drv> synthesized (advanced).

Synthesizing (advanced) Unit <seven_seg>.
INFO:Xst:3218 - HDL ADVISOR - The RAM <Mram_SEG> will be implemented on LUTs either because you have described an asynchronous read or because of currently unsupported block RAM features. If you have described an asynchronous read, making it synchronous would allow you to take advantage of available block RAM resources, for optimized device usage and improved timings. Please refer to your documentation for coding guidelines.
    -----------------------------------------------------------------------
    | ram_type           | Distributed                         |          |
    -----------------------------------------------------------------------
    | Port A                                                              |
    |     aspect ratio   | 16-word x 8-bit                     |          |
    |     weA            | connected to signal <GND>           | high     |
    |     addrA          | connected to signal <BCD>           |          |
    |     diA            | connected to signal <GND>           |          |
    |     doA            | connected to signal <SEG>           |          |
    -----------------------------------------------------------------------
Unit <seven_seg> synthesized (advanced).

=========================================================================
Advanced HDL Synthesis Report

Macro Statistics
# RAMs                                                 : 2
 16x8-bit single-port distributed Read Only RAM        : 1
 8x8-bit single-port distributed Read Only RAM         : 1
# Adders/Subtractors                                   : 1
 4-bit adder                                           : 1
# Counters                                             : 10
 17-bit down counter                                   : 1
 3-bit up counter                                      : 1
 4-bit down counter                                    : 1
 4-bit up counter                                      : 7
# Registers                                            : 4
 Flip-Flops                                            : 4
# Multiplexers                                         : 3
 4-bit 2-to-1 multiplexer                              : 2
 4-bit 8-to-1 multiplexer                              : 1

=========================================================================

=========================================================================
*                         Low Level Synthesis                           *
=========================================================================

Optimizing unit <clock24> ...

Optimizing unit <clock> ...

Optimizing unit <counter24> ...

Optimizing unit <counter12> ...
WARNING:Xst:1710 - FF/Latch <C1/c60M/d1_3> (without init value) has a constant value of 0 in block <clock24>. This FF/Latch will be trimmed during the optimization process.
INFO:Xst:3203 - The FF/Latch <C2/cnt_0> in Unit <clock24> is the opposite to the following FF/Latch, which will be removed : <C0/cnt2_0> 

Mapping all equations...
Building and optimizing final netlist ...
Found area constraint ratio of 100 (+ 5) on block clock24, actual ratio is 0.

Final Macro Processing ...

=========================================================================
Final Register Report

Macro Statistics
# Registers                                            : 54
 Flip-Flops                                            : 54

=========================================================================

=========================================================================
*                           Partition Report                            *
=========================================================================

Partition Implementation Status
-------------------------------

  No Partitions were found in this design.

-------------------------------

=========================================================================
*                            Design Summary                             *
=========================================================================

Top Level Output File Name         : clock24.ngc

Primitive and Black Box Usage:
------------------------------
# BELS                             : 171
#      GND                         : 1
#      INV                         : 22
#      LUT1                        : 1
#      LUT2                        : 5
#      LUT3                        : 22
#      LUT4                        : 40
#      LUT5                        : 19
#      LUT6                        : 23
#      MUXCY                       : 16
#      MUXF7                       : 4
#      VCC                         : 1
#      XORCY                       : 17
# FlipFlops/Latches                : 54
#      FDC                         : 15
#      FDCE                        : 28
#      FDP                         : 10
#      FDPE                        : 1
# Clock Buffers                    : 1
#      BUFGP                       : 1
# IO Buffers                       : 23
#      IBUF                        : 4
#      OBUF                        : 19

Device utilization summary:
---------------------------

Selected Device : 7a100tcsg324-1 


Slice Logic Utilization: 
 Number of Slice Registers:              54  out of  126800     0%  
 Number of Slice LUTs:                  132  out of  63400     0%  
    Number used as Logic:               132  out of  63400     0%  

Slice Logic Distribution: 
 Number of LUT Flip Flop pairs used:    132
   Number with an unused Flip Flop:      78  out of    132    59%  
   Number with an unused LUT:             0  out of    132     0%  
   Number of fully used LUT-FF pairs:    54  out of    132    40%  
   Number of unique control sets:         6

IO Utilization: 
 Number of IOs:                          24
 Number of bonded IOBs:                  24  out of    210    11%  

Specific Feature Utilization:
 Number of BUFG/BUFGCTRLs:                1  out of     32     3%  

---------------------------
Partition Resource Summary:
---------------------------

  No Partitions were found in this design.

---------------------------


=========================================================================
Timing Report

NOTE: THESE TIMING NUMBERS ARE ONLY A SYNTHESIS ESTIMATE.
      FOR ACCURATE TIMING INFORMATION PLEASE REFER TO THE TRACE REPORT
      GENERATED AFTER PLACE-and-ROUTE.

Clock Information:
------------------
-----------------------------------+------------------------+-------+
Clock Signal                       | Clock buffer(FF name)  | Load  |
-----------------------------------+------------------------+-------+
CLK                                | BUFGP                  | 54    |
-----------------------------------+------------------------+-------+

Asynchronous Control Signals Information:
----------------------------------------
No asynchronous control signals found in this design

Timing Summary:
---------------
Speed Grade: -1

   Minimum period: 4.059ns (Maximum Frequency: 246.366MHz)
   Minimum input arrival time before clock: 3.024ns
   Maximum output required time after clock: 3.379ns
   Maximum combinational path delay: No path found

Timing Details:
---------------
All values displayed in nanoseconds (ns)

=========================================================================
Timing constraint: Default period analysis for Clock 'CLK'
  Clock period: 4.059ns (frequency: 246.366MHz)
  Total number of paths / destination ports: 2001 / 83
-------------------------------------------------------------------------
Delay:               4.059ns (Levels of Logic = 4)
  Source:            C1/c60s/d0_3 (FF)
  Destination:       C1/c60M/d1_2 (FF)
  Source Clock:      CLK rising
  Destination Clock: CLK rising

  Data Path: C1/c60s/d0_3 to C1/c60M/d1_2
                                Gate     Net
    Cell:in->out      fanout   Delay   Delay  Logical Name (Net Name)
    ----------------------------------------  ------------
     FDCE:C->Q             6   0.478   0.952  C1/c60s/d0_3 (C1/c60s/d0_3)
     LUT5:I0->O            1   0.124   0.421  C1/up1_sec_OR_76_o_SW0 (N0)
     LUT6:I5->O            6   0.124   0.952  C1/c100/UP_SW1 (N10)
     LUT5:I0->O            3   0.124   0.730  C1/up1_sec_OR_76_o_rstpot1 (C1/up1_sec_OR_76_o_rstpot1)
     LUT3:I0->O            1   0.124   0.000  C1/c60M/d1_0_dpot1 (C1/c60M/d1_0_dpot1)
     FDCE:D                    0.030          C1/c60M/d1_0
    ----------------------------------------
    Total                      4.059ns (1.004ns logic, 3.055ns route)
                                       (24.7% logic, 75.3% route)

=========================================================================
Timing constraint: Default OFFSET IN BEFORE for Clock 'CLK'
  Total number of paths / destination ports: 93 / 69
-------------------------------------------------------------------------
Offset:              3.024ns (Levels of Logic = 4)
  Source:            SETM (PAD)
  Destination:       C1/c60M/d1_2 (FF)
  Destination Clock: CLK rising

  Data Path: SETM to C1/c60M/d1_2
                                Gate     Net
    Cell:in->out      fanout   Delay   Delay  Logical Name (Net Name)
    ----------------------------------------  ------------
     IBUF:I->O             1   0.001   0.939  SETM_IBUF (SETM_IBUF)
     LUT6:I0->O            6   0.124   0.952  C1/c100/UP_SW1 (N10)
     LUT5:I0->O            3   0.124   0.730  C1/up1_sec_OR_76_o_rstpot1 (C1/up1_sec_OR_76_o_rstpot1)
     LUT3:I0->O            1   0.124   0.000  C1/c60M/d1_0_dpot1 (C1/c60M/d1_0_dpot1)
     FDCE:D                    0.030          C1/c60M/d1_0
    ----------------------------------------
    Total                      3.024ns (0.403ns logic, 2.621ns route)
                                       (13.3% logic, 86.7% route)

=========================================================================
Timing constraint: Default OFFSET OUT AFTER for Clock 'CLK'
  Total number of paths / destination ports: 384 / 18
-------------------------------------------------------------------------
Offset:              3.379ns (Levels of Logic = 4)
  Source:            C2/cnt_0 (FF)
  Destination:       SEGN<7> (PAD)
  Source Clock:      CLK rising

  Data Path: C2/cnt_0 to SEGN<7>
                                Gate     Net
    Cell:in->out      fanout   Delay   Delay  Logical Name (Net Name)
    ----------------------------------------  ------------
     FDCE:C->Q            25   0.478   1.070  C2/cnt_0 (C2/cnt_0)
     LUT6:I1->O            1   0.124   0.000  C2/Mmux_BCD_31 (C2/Mmux_BCD_31)
     MUXF7:I1->O           7   0.368   0.816  C2/Mmux_BCD_2_f7_0 (BCD<1>)
     LUT4:I0->O            1   0.124   0.399  SEGN<3>1 (SEGN_3_OBUF)
     OBUF:I->O                 0.000          SEGN_3_OBUF (SEGN<3>)
    ----------------------------------------
    Total                      3.379ns (1.094ns logic, 2.285ns route)
                                       (32.4% logic, 67.6% route)

=========================================================================

Cross Clock Domains Report:
--------------------------

Clock to Setup on destination clock CLK
---------------+---------+---------+---------+---------+
               | Src:Rise| Src:Fall| Src:Rise| Src:Fall|
Source Clock   |Dest:Rise|Dest:Rise|Dest:Fall|Dest:Fall|
---------------+---------+---------+---------+---------+
CLK            |    4.059|         |         |         |
---------------+---------+---------+---------+---------+

=========================================================================


Total REAL time to Xst completion: 8.00 secs
Total CPU time to Xst completion: 7.29 secs
 
--> 


Total memory usage is 606080 kilobytes

Number of errors   :    0 (   0 filtered)
Number of warnings :    1 (   0 filtered)
Number of infos    :    3 (   0 filtered)

